[Licensing::Module] Trying to connect to existing licensing client channel...
Built from '6000.4/staging' branch; Version is '6000.4.2f1 (7a4c1aeef971) revision 8014874'; Using compiler version '194234433'; Build Type 'Release'
OS: 'Windows 11  (10.0.26200) Professional' Language: 'es' Physical Memory: 16039 MB
BatchMode: 1, IsHumanControllingUs: 0, StartBugReporterOnCrash: 0, Is64bit: 1
System  architecture: x64
Process architecture: x64
[Licensing::IpcConnector] Successfully connected to: "LicenseClient-ControlEquipos" at "2026-05-04T18:32:14.2644187Z"
Date: 2026-05-04T18:32:14Z

COMMAND LINE ARGUMENTS:
C:\Program Files\Unity\Hub\Editor\6000.4.2f1\Editor\Unity.exe
-adb2
-batchMode
-noUpm
-name
AssetImportWorker2
-projectPath
C:/Users/ControlEquipos/Documents/GitHub/TowerDefense
-logFile
Logs/AssetImportWorker2.log
-srvPort
58452
-licensingIpc
LicenseClient-ControlEquipos
-force-d3d12
-job-worker-count
3
-background-job-worker-count
8
-gc-helper-count
1
-name
AssetImport
Successfully changed project path to: C:/Users/ControlEquipos/Documents/GitHub/TowerDefense
C:/Users/ControlEquipos/Documents/GitHub/TowerDefense
[UnityMemory] Configuration Parameters - Can be set up in boot.config
    "memorysetup-temp-allocator-size-gi-baking-worker=262144"
    "memorysetup-temp-allocator-size-gi-baking-worker=262144"
    "memorysetup-temp-allocator-size-gi-baking-worker=262144"
    "memorysetup-temp-allocator-size-gi-baking-worker=262144"
    "memorysetup-temp-allocator-size-gi-baking-worker=262144"
    "memorysetup-temp-allocator-size-nav-mesh-worker=65536"
    "memorysetup-temp-allocator-size-audio-worker=65536"
    "memorysetup-temp-allocator-size-cloud-worker=32768"
    "memorysetup-temp-allocator-size-gfx=262144"
    "memorysetup-temp-allocator-size-preload-manager=33554432"
    "memorysetup-temp-allocator-size-job-worker=262144"
    "memorysetup-temp-allocator-size-background-worker=32768"
    "memorysetup-allocator-temp-initial-block-size-main=262144"
    "memorysetup-allocator-temp-initial-block-size-worker=262144"
    "memorysetup-bucket-allocator-granularity=16"
    "memorysetup-bucket-allocator-bucket-count=8"
    "memorysetup-bucket-allocator-block-size=33554432"
    "memorysetup-bucket-allocator-block-count=8"
    "memorysetup-main-allocator-block-size=16777216"
    "memorysetup-thread-allocator-block-size=16777216"
    "memorysetup-gfx-main-allocator-block-size=16777216"
    "memorysetup-gfx-thread-allocator-block-size=16777216"
    "memorysetup-cache-allocator-block-size=4194304"
    "memorysetup-typetree-allocator-block-size=2097152"
    "memorysetup-profiler-bucket-allocator-granularity=16"
    "memorysetup-profiler-bucket-allocator-bucket-count=8"
    "memorysetup-profiler-bucket-allocator-block-size=33554432"
    "memorysetup-profiler-bucket-allocator-block-count=8"
    "memorysetup-profiler-allocator-block-size=16777216"
    "memorysetup-profiler-editor-allocator-block-size=1048576"
    "memorysetup-temp-allocator-size-main=16777216"
    "memorysetup-job-temp-allocator-block-size=2097152"
    "memorysetup-job-temp-allocator-block-size-background=1048576"
    "memorysetup-job-temp-allocator-reduction-small-platforms=262144"
Player connection [3692]  Target information:

Player connection [3692]  * "[IP] 172.21.120.181 [Port] 0 [Flags] 2 [Guid] 844877192 [EditorId] 844877192 [Version] 1048832 [Id] WindowsEditor(7,LAPTOP-28813F4U) [Debug] 1 [PackageName] WindowsEditor [ProjectName] Editor" 

Player connection [3692] Host joined multi-casting on [225.0.0.222:54997]...
Player connection [3692] Host joined alternative multi-casting on [225.0.0.222:34997]...
JobSystem: Creating JobQueue using job-worker-count value 3
Input System module state changed to: Initialized.
[Physics::Module] Initialized fallback backend.
[Physics::Module] Id: 0xdecafbad
Library Redirect Path: Library/
[Physics::Module] Selected backend.
[Physics::Module] Name: PhysX
[Physics::Module] Id: 0xf2b8ea05
[Physics::Module] SDK Version: 4.1.2
[Physics::Module] Integration Version: 1.0.0
[Physics::Module] Threading Mode: Multi-Threaded
Refreshing native plugins compatible for Editor in 7.67 ms, found 4 plugins.
Initialize engine version: 6000.4.2f1 (7a4c1aeef971)
[Subsystems] Discovering subsystems at path C:/Program Files/Unity/Hub/Editor/6000.4.2f1/Editor/Data/Resources/UnitySubsystems
[Subsystems] Discovering subsystems at path C:/Users/ControlEquipos/Documents/GitHub/TowerDefense/Assets
Forcing GfxDevice: Direct3D 12
GfxDevice: creating device client; kGfxThreadingModeNonThreaded
d3d12: failed to query info queue interface (0x80004002).
Direct3D:
    Version:         Direct3D 12 [level 12.1]
    Renderer:        Intel(R) Iris(R) Xe Graphics (ID=0x9a49)
    Vendor:          Intel
    VRAM:            8019 MB
    App VRAM Budget: 7362 MB
    Driver:          32.0.101.7082
    Unified Memory Architecture
    Cache Coherent UMA
Initialize mono
Mono path[0] = 'C:/Program Files/Unity/Hub/Editor/6000.4.2f1/Editor/Data/Managed'
Mono path[1] = 'C:/Program Files/Unity/Hub/Editor/6000.4.2f1/Editor/Data/MonoBleedingEdge/lib/mono/unityjit-win32'
Mono config path = 'C:/Program Files/Unity/Hub/Editor/6000.4.2f1/Editor/Data/MonoBleedingEdge/etc'
Using monoOptions --debugger-agent=transport=dt_socket,embedding=1,server=y,suspend=n,address=127.0.0.1:56424
CodeReloadManager initialized
Begin MonoManager ReloadAssembly
Registering precompiled unity dll's ...
Register platform support module: C:/Program Files/Unity/Hub/Editor/6000.4.2f1/Editor/Data/PlaybackEngines/WindowsStandaloneSupport/UnityEditor.WindowsStandalone.Extensions.dll
Registered in 0.004618 seconds.
[Licensing::Client] Error: HandshakeResponse reported an error:
	ResponseCode: 505
	ResponseStatus: Unsupported protocol version '1.18.1'.
[Licensing::Module] Error: Failed to handshake to channel: "LicenseClient-ControlEquipos"
[Licensing::IpcConnector] LicenseClient-ControlEquipos channel disconnected successfully.
[Licensing::IpcConnector] Successfully connected to: "LicenseClient-ControlEquipos-6000.4.2" at "2026-05-04T18:32:16.7672914Z"
Native extension for WindowsStandalone target not found
Package Manager log level set to [2]
[Package Manager] Failed to launch server process. Reason: Unity was launched with the -noUpm command-line argument
[Package Manager] Unable to send message (not connected to server process).
[Package Manager] Cannot connect to Unity Package Manager local server
ScheduleIndexationOnStartup MainProcess:False IndexOnStartup:True
Mono: successfully reloaded assembly
- Finished resetting the current domain, in  1.298 seconds
Domain Reload Profiling: 2559ms
	BeginReloadAssembly (395ms)
	RebuildCommonClasses (89ms)
	RebuildNativeTypeToScriptingClass (30ms)
	initialDomainReloadingComplete (172ms)
	LoadAllAssembliesAndSetupDomain (572ms)
		LoadAssemblies (388ms)
		AnalyzeDomain (546ms)
			TypeCache.Refresh (543ms)
				TypeCache.ScanAssembly (516ms)
	FinalizeReload (1301ms)
		SetupLoadedEditorAssemblies (0ms)
			InitializePlatformSupportModulesInManaged (103ms)
			BeforeProcessingInitializeOnLoad (269ms)
			ProcessInitializeOnLoadAttributes (495ms)
			ProcessInitializeOnLoadMethodAttributes (252ms)
========================================================================
Worker process is ready to serve import requests
Import Worker Mode flag is 0x00
Begin MonoManager ReloadAssembly
[Licensing::Module] Licensing is not yet initialized.
[Licensing::Client] Handshaking with LicensingClient:
  Version:                 1.18.1+9fbee8e
  Session Id:              d5cb398da5c942a794f5da2a5da6a5fb
  Correlation Id:          4a37e984f828d5e66d2016f7b3898333
  External correlation Id: 1999451945639924361
  Machine Id:              pyI6KMTrxaJvuk5UqnnvTzVygrg=
[Licensing::Module] Successfully connected to LicensingClient on channel: "LicenseClient-ControlEquipos-6000.4.2" (connect: 0.01s, validation: 0.00s, handshake: 2.39s)
[Licensing::IpcConnector] Successfully connected to: "LicenseClient-ControlEquipos-6000.4.2-notifications" at "2026-05-04T18:32:19.1608302Z"
[Licensing::Module] Licensing Background thread has ended after 4.90s
[Licensing::Module] Licensing is initialized (took 0.30s).
[Licensing::Client] Successfully resolved entitlement details
[Licensing::Module] License group:
  Id: 4673659892569-UnityPersXXXX
  Product: Unity Personal
  Type: Assigned
  Expiration: Unlimited
Assembly Assembly-CSharp-Editor-firstpass.dll at Library/ScriptAssemblies/Assembly-CSharp-Editor-firstpass.dll not valid. Loading of assembly skipped.
Assembly Assembly-CSharp-Editor.dll at Library/ScriptAssemblies/Assembly-CSharp-Editor.dll not valid. Loading of assembly skipped.
Assembly Assembly-CSharp-firstpass.dll at Library/ScriptAssemblies/Assembly-CSharp-firstpass.dll not valid. Loading of assembly skipped.
Assembly DocCodeExamples.dll at Library/ScriptAssemblies/DocCodeExamples.dll not valid. Loading of assembly skipped.
Assembly TestNewCustomAssembly.dll at Library/ScriptAssemblies/TestNewCustomAssembly.dll not valid. Loading of assembly skipped.
Assembly Unity.Multiplayer.Center.Editor.Tests.dll at Library/ScriptAssemblies/Unity.Multiplayer.Center.Editor.Tests.dll not valid. Loading of assembly skipped.
Assembly Unity.Multiplayer.Center.Tests.dll at Library/ScriptAssemblies/Unity.Multiplayer.Center.Tests.dll not valid. Loading of assembly skipped.
Assembly Unity.Performance.Profile-Analyzer.EditorTests.dll at Library/ScriptAssemblies/Unity.Performance.Profile-Analyzer.EditorTests.dll not valid. Loading of assembly skipped.
Assembly Unity.Settings.Tests.dll at Library/ScriptAssemblies/Unity.Settings.Tests.dll not valid. Loading of assembly skipped.
Assembly Unity.TestTools.CodeCoverage.Editor.Compatibility.dll at Library/ScriptAssemblies/Unity.TestTools.CodeCoverage.Editor.Compatibility.dll not valid. Loading of assembly skipped.
Assembly Unity.TextMeshPro.Editor.Tests.dll at Library/ScriptAssemblies/Unity.TextMeshPro.Editor.Tests.dll not valid. Loading of assembly skipped.
Assembly Unity.TextMeshPro.Tests.dll at Library/ScriptAssemblies/Unity.TextMeshPro.Tests.dll not valid. Loading of assembly skipped.
Assembly UnityEditor.UI.Common.Tests.dll at Library/ScriptAssemblies/UnityEditor.UI.Common.Tests.dll not valid. Loading of assembly skipped.
Assembly UnityEditor.UI.EditorTests.dll at Library/ScriptAssemblies/UnityEditor.UI.EditorTests.dll not valid. Loading of assembly skipped.
Assembly UnityEngine.UI.Tests.dll at Library/ScriptAssemblies/UnityEngine.UI.Tests.dll not valid. Loading of assembly skipped.
Refreshing native plugins compatible for Editor in 13.62 ms, found 4 plugins.
Native extension for WindowsStandalone target not found
[Package Manager] Failed to launch server process. Reason: Unity was launched with the -noUpm command-line argument
[Package Manager] Unable to send message (not connected to server process).
[Package Manager] Cannot connect to Unity Package Manager local server
Refreshing native plugins compatible for Editor in 2.78 ms, found 4 plugins.
[Package Manager] Failed to launch server process. Reason: Unity was launched with the -noUpm command-line argument
[Package Manager] Unable to send message (not connected to server process).
[Package Manager] Cannot connect to Unity Package Manager local server
ScheduleIndexationOnStartup MainProcess:False IndexOnStartup:True
Mono: successfully reloaded assembly
- Finished resetting the current domain, in  0.823 seconds
Domain Reload Profiling: 2434ms
	BeginReloadAssembly (594ms)
		DisableScriptedObjects (11ms)
		CreateAndSetChildDomain (38ms)
	RebuildCommonClasses (63ms)
	RebuildNativeTypeToScriptingClass (23ms)
	initialDomainReloadingComplete (107ms)
	LoadAllAssembliesAndSetupDomain (823ms)
		LoadAssemblies (570ms)
		AnalyzeDomain (414ms)
			TypeCache.Refresh (302ms)
				TypeCache.ScanAssembly (271ms)
			BuildScriptInfoCaches (97ms)
			ResolveRequiredComponents (12ms)
	FinalizeReload (824ms)
		SetupLoadedEditorAssemblies (0ms)
			InitializePlatformSupportModulesInManaged (3ms)
			BeforeProcessingInitializeOnLoad (190ms)
			ProcessInitializeOnLoadAttributes (349ms)
			ProcessInitializeOnLoadMethodAttributes (71ms)
			AfterProcessingInitializeOnLoad (11ms)
		AwakeInstancesAfterBackupRestoration (12ms)
Launched and connected shader compiler UnityShaderCompiler.exe after 0.02 seconds
Refreshing native plugins compatible for Editor in 2.50 ms, found 4 plugins.
Unloading 0 Unused Serialized files (Serialized files now loaded: 0)
Unloading 3830 unused Assets / (1.0 MB). Loaded Objects now: 4427.
Memory consumption went from 96.0 MB to 94.9 MB.
Total: 8.569400 ms (FindLiveObjects: 0.630000 ms CreateObjectMapping: 0.763800 ms MarkObjects: 5.581500 ms  DeleteObjects: 1.589900 ms)

========================================================================
Received Import Request.
  Time since last request: 130533.604494 seconds.
  path: Assets/TextMesh Pro/Shaders/TMP_SDF.shader
  importAddress: Guid(68e6db2ebdc24f95958faec2be5558d6) Importer(2089858483,b0f066a214c2f5e87bad3c948f4d605d)
Start importing Assets/TextMesh Pro/Shaders/TMP_SDF.shader using Guid(68e6db2ebdc24f95958faec2be5558d6) Importer(2089858483,b0f066a214c2f5e87bad3c948f4d605d) (ScriptedImporter) -> (Import Result ID: '0cfde1acf27e8e269ad957d1ae9e1201') in 0.1330908 seconds [static and dynamic dependencies]. Details - ImportResultOutputID=86e59ca38f6c0fcaf62ec57139dc8aab DependenciesID=977266f1a21318ca652b34e937802d84 StaticDependenciesID=7f6603230c16814c18b5040262915b22 
Number of updated asset objects reloaded before import = 0Number of asset objects unloaded after import = 1

========================================================================
Received Import Request.
  Time since last request: 0.000031 seconds.
  path: Assets/TextMesh Pro/Fonts/LiberationSans.ttf
  importAddress: Guid(e3265ab4bf004d28a9537516768c1c75) Importer(2089858483,b0f066a214c2f5e87bad3c948f4d605d)
Start importing Assets/TextMesh Pro/Fonts/LiberationSans.ttf using Guid(e3265ab4bf004d28a9537516768c1c75) Importer(2089858483,b0f066a214c2f5e87bad3c948f4d605d) (ScriptedImporter) -> (Import Result ID: 'f1e03db393dabdc1620c6d135aad5589') in 0.0548561 seconds [static and dynamic dependencies]. Details - ImportResultOutputID=a9aacc0dc732538e595e546fc072a8f3 DependenciesID=fb5ba9a522771eb2f62cc95cc007fe78 StaticDependenciesID=518d7db7c3f5a2bfbdb8fce2e125b24b 
Number of updated asset objects reloaded before import = 0Number of asset objects unloaded after import = 3

========================================================================
Received Import Request.
  Time since last request: 0.000025 seconds.
  path: Assets/TextMesh Pro/Shaders/TMP_SDF-Surface.shader
  importAddress: Guid(f7ada0af4f174f0694ca6a487b8f543d) Importer(2089858483,b0f066a214c2f5e87bad3c948f4d605d)
Start importing Assets/TextMesh Pro/Shaders/TMP_SDF-Surface.shader using Guid(f7ada0af4f174f0694ca6a487b8f543d) Importer(2089858483,b0f066a214c2f5e87bad3c948f4d605d) (ScriptedImporter) -> (Import Result ID: '4c9316434c716707ecaa7783d703c0d0') in 0.0133275 seconds [static and dynamic dependencies]. Details - ImportResultOutputID=cb64cc5c52e51b9668543c9af4f6e625 DependenciesID=f224bf0262a704c60c13911fd88139f1 StaticDependenciesID=7adac2cd53e35832f6e1aba4eff8ebcd 
Number of updated asset objects reloaded before import = 0Number of asset objects unloaded after import = 1

========================================================================
Received Import Request.
  Time since last request: 0.000020 seconds.
  path: Assets/Materials/Cobble/Cobble.mat
  importAddress: Guid(f32d60819fe469f49b662b58bd86044f) Importer(2089858483,b0f066a214c2f5e87bad3c948f4d605d)
Start importing Assets/Materials/Cobble/Cobble.mat using Guid(f32d60819fe469f49b662b58bd86044f) Importer(2089858483,b0f066a214c2f5e87bad3c948f4d605d) (ScriptedImporter) -> (Import Result ID: 'dbf1138d469c0a848b2c8a12f52aae6a') in 0.0892714 seconds [static and dynamic dependencies]. Details - ImportResultOutputID=7e1e926ddc5ca5febe03be8dddde9eb6 DependenciesID=3dfba949d73a2fc9dc40dc3da9647988 StaticDependenciesID=284186c03bee08b50cb29bf176847034 
Number of updated asset objects reloaded before import = 0Number of asset objects unloaded after import = 6

========================================================================
Received Import Request.
  Time since last request: 0.000098 seconds.
  path: Assets/Scripts/Managers/GameManager.cs
  importAddress: Guid(d745b2da9864f9b47a82f344813f9acc) Importer(2089858483,b0f066a214c2f5e87bad3c948f4d605d)
Start importing Assets/Scripts/Managers/GameManager.cs using Guid(d745b2da9864f9b47a82f344813f9acc) Importer(2089858483,b0f066a214c2f5e87bad3c948f4d605d) (ScriptedImporter) -> (Import Result ID: 'c006b7035533ca23fb87bf32b9fe3bb1') in 0.0248118 seconds [static and dynamic dependencies]. Details - ImportResultOutputID=738e17fbc7a1ba2827de2e062ecd893b DependenciesID=f0970d62e45d749ea01b0c6440025c54 StaticDependenciesID=d49ef40c6358b0588c553f7092efd15b 
Number of updated asset objects reloaded before import = 0Number of asset objects unloaded after import = 0

========================================================================
Received Import Request.
  Time since last request: 0.000046 seconds.
  path: Assets/Scripts/Build/BuildMementoManager.cs
  importAddress: Guid(683b00ff2277ef54298b0146edd125c5) Importer(2089858483,b0f066a214c2f5e87bad3c948f4d605d)
Start importing Assets/Scripts/Build/BuildMementoManager.cs using Guid(683b00ff2277ef54298b0146edd125c5) Importer(2089858483,b0f066a214c2f5e87bad3c948f4d605d) (ScriptedImporter) -> (Import Result ID: '3647640e553aacd3177263ca8b5447ee') in 0.0150143 seconds [static and dynamic dependencies]. Details - ImportResultOutputID=e10e552540cb237534b4eb130c6a5904 DependenciesID=a17f0e280b6d06b7792ddaca68c2c667 StaticDependenciesID=d709b18330019b10562decb6fe8480b1 
Number of updated asset objects reloaded before import = 0Number of asset objects unloaded after import = 0

========================================================================
Received Import Request.
  Time since last request: 0.000115 seconds.
  path: Assets/Scripts/Debug/DataTrace.cs
  importAddress: Guid(2b9c33f67f8b9e340884818817f8146a) Importer(2089858483,b0f066a214c2f5e87bad3c948f4d605d)
Start importing Assets/Scripts/Debug/DataTrace.cs using Guid(2b9c33f67f8b9e340884818817f8146a) Importer(2089858483,b0f066a214c2f5e87bad3c948f4d605d) (ScriptedImporter) -> (Import Result ID: '0b4cad804481186bf818efe33f18ef23') in 0.0149265 seconds [static and dynamic dependencies]. Details - ImportResultOutputID=95e45d3cb43334e337b782c3691d8d76 DependenciesID=647087f3901d091b8e20365e6927138d StaticDependenciesID=a47acdd93cd008900b9df1c2a38f4733 
Number of updated asset objects reloaded before import = 0Number of asset objects unloaded after import = 0

========================================================================
Received Import Request.
  Time since last request: 0.000076 seconds.
  path: Assets/Scripts/Enemies/EnemyMovement.cs
  importAddress: Guid(2e4f6dd9c484acc46b4cbbb0b3c2b448) Importer(2089858483,b0f066a214c2f5e87bad3c948f4d605d)
Start importing Assets/Scripts/Enemies/EnemyMovement.cs using Guid(2e4f6dd9c484acc46b4cbbb0b3c2b448) Importer(2089858483,b0f066a214c2f5e87bad3c948f4d605d) (ScriptedImporter) -> (Import Result ID: 'a4244e7b3745ba75e63a922216facb99') in 0.0125638 seconds [static and dynamic dependencies]. Details - ImportResultOutputID=33469f1e89ef8de87f12f5d841de2e73 DependenciesID=8a060ec630edc7505781e666bd193ae2 StaticDependenciesID=82ca2a0de4bd081ee3fc9b94470d9cf2 
Number of updated asset objects reloaded before import = 0Number of asset objects unloaded after import = 0

========================================================================
Received Import Request.
  Time since last request: 0.000079 seconds.
  path: Assets/Scripts/Patterns/Command/ICommand.cs
  importAddress: Guid(8b3bc5f520bab9247ae9a030288fe861) Importer(2089858483,b0f066a214c2f5e87bad3c948f4d605d)
Start importing Assets/Scripts/Patterns/Command/ICommand.cs using Guid(8b3bc5f520bab9247ae9a030288fe861) Importer(2089858483,b0f066a214c2f5e87bad3c948f4d605d) (ScriptedImporter) -> (Import Result ID: '9f6bc9e22d9fe986feff207b7047eb81') in 0.0144288 seconds [static and dynamic dependencies]. Details - ImportResultOutputID=b6afb804362b56062c01defe2fe62726 DependenciesID=4ea0739958f2c6c25ada62967435f1eb StaticDependenciesID=e19bb0135f75ca90823a65712818b3f8 
Number of updated asset objects reloaded before import = 0Number of asset objects unloaded after import = 0

========================================================================
Received Import Request.
  Time since last request: 0.000041 seconds.
  path: Assets/prefabs/Towers/ArcherTower/Tower_basic.prefab
  importAddress: Guid(84f8fc17e47ac5642abf786f58536309) Importer(2089858483,b0f066a214c2f5e87bad3c948f4d605d)
Start importing Assets/prefabs/Towers/ArcherTower/Tower_basic.prefab using Guid(84f8fc17e47ac5642abf786f58536309) Importer(2089858483,b0f066a214c2f5e87bad3c948f4d605d) (ScriptedImporter) -> (Import Result ID: '5439653fcea58601c46891ae63b853de') in 0.1080148 seconds [static and dynamic dependencies]. Details - ImportResultOutputID=c3bd723e098887c54e8e868f454ee01c DependenciesID=95f76ef5a0eb328330758e2f5adce7c7 StaticDependenciesID=5242dfed3c51460c2f49320b64fc0ab7 
Number of updated asset objects reloaded before import = 0Number of asset objects unloaded after import = 10

========================================================================
Received Import Request.
  Time since last request: 0.000022 seconds.
  path: Assets/prefabs/Towers/BomberTower/TorreBombardera.fbx
  importAddress: Guid(8ac1536c4632d754d9df05dd8b2cbd66) Importer(2089858483,b0f066a214c2f5e87bad3c948f4d605d)
Start importing Assets/prefabs/Towers/BomberTower/TorreBombardera.fbx using Guid(8ac1536c4632d754d9df05dd8b2cbd66) Importer(2089858483,b0f066a214c2f5e87bad3c948f4d605d) (ScriptedImporter) -> (Import Result ID: '7ea1d5281d97a5df5615fecc935e19a1') in 0.0787933 seconds [static and dynamic dependencies]. Details - ImportResultOutputID=86fe8aedf38e85feb100e14fa071e6ac DependenciesID=9cb1bd152e767428f1771bb4ea839622 StaticDependenciesID=9e606948c88356b0750d8b8c519f879f 
Number of updated asset objects reloaded before import = 0Number of asset objects unloaded after import = 22

========================================================================
Received Import Request.
  Time since last request: 0.000051 seconds.
  path: Assets/prefabs/Projectiles/Arrow/Projectile_Arrow.prefab
  importAddress: Guid(a9ceaf66d545e2e4ab6a7921789f1996) Importer(2089858483,b0f066a214c2f5e87bad3c948f4d605d)
Start importing Assets/prefabs/Projectiles/Arrow/Projectile_Arrow.prefab using Guid(a9ceaf66d545e2e4ab6a7921789f1996) Importer(2089858483,b0f066a214c2f5e87bad3c948f4d605d) (ScriptedImporter) -> (Import Result ID: '937d276fb924157c31646eacb1ed13dd') in 0.027591 seconds [static and dynamic dependencies]. Details - ImportResultOutputID=7b9101e34ea065cf132da2143e67a425 DependenciesID=29acea7accbf5d4f54f68861f6ae9c8a StaticDependenciesID=3fcb5a51b5ba6afac9668ce956402b6f 
Number of updated asset objects reloaded before import = 0Number of asset objects unloaded after import = 10

========================================================================
Received Import Request.
  Time since last request: 0.000072 seconds.
  path: Assets/prefabs/Enemies/EnemyTD_Goblin.prefab
  importAddress: Guid(44f8e54853e9c5d48be1120aa419824b) Importer(2089858483,b0f066a214c2f5e87bad3c948f4d605d)
Start importing Assets/prefabs/Enemies/EnemyTD_Goblin.prefab using Guid(44f8e54853e9c5d48be1120aa419824b) Importer(2089858483,b0f066a214c2f5e87bad3c948f4d605d) (ScriptedImporter) -> (Import Result ID: '2ac23818870f4815a00016a65b2a32d4') in 0.0336341 seconds [static and dynamic dependencies]. Details - ImportResultOutputID=40726d17a67cbe4f60ec684fe416929e DependenciesID=40a1bf9d85cfe73d4993bf41a7b759a4 StaticDependenciesID=50e9ea3a24de700858e54a1828f96a2a 
Number of updated asset objects reloaded before import = 0Number of asset objects unloaded after import = 12

========================================================================
Received Import Request.
  Time since last request: 0.000032 seconds.
  path: Assets/TextMesh Pro/Shaders/TMPro_Mobile.cginc
  importAddress: Guid(c334973cef89a9840b0b0c507e0377ab) Importer(2089858483,b0f066a214c2f5e87bad3c948f4d605d)
Start importing Assets/TextMesh Pro/Shaders/TMPro_Mobile.cginc using Guid(c334973cef89a9840b0b0c507e0377ab) Importer(2089858483,b0f066a214c2f5e87bad3c948f4d605d) (ScriptedImporter) -> (Import Result ID: '499d41a2f5be206bfcc1feb29a5971da') in 0.0154683 seconds [static and dynamic dependencies]. Details - ImportResultOutputID=620b859f1cf9fbddea805e7ac22773cd DependenciesID=003d098c140702444898fb8d945f2384 StaticDependenciesID=e53879ea58f6ac76168d5f679fa5aca0 
Number of updated asset objects reloaded before import = 0Number of asset objects unloaded after import = 1

========================================================================
Received Import Request.
  Time since last request: 0.000044 seconds.
  path: Assets/Materials/PathDraw.mat
  importAddress: Guid(14093e58b777f384a9750f7d4cb43d4b) Importer(2089858483,b0f066a214c2f5e87bad3c948f4d605d)
Start importing Assets/Materials/PathDraw.mat using Guid(14093e58b777f384a9750f7d4cb43d4b) Importer(2089858483,b0f066a214c2f5e87bad3c948f4d605d) (ScriptedImporter) -> (Import Result ID: 'c4f7f32f6048de17aba177ea96a239dc') in 0.017959 seconds [static and dynamic dependencies]. Details - ImportResultOutputID=b1dd48432871460c3e56f03cee30fd94 DependenciesID=5455c32e198945d63d2c56dfaedffe2d StaticDependenciesID=ca304a375a61af9f220cf9036b29105b 
Number of updated asset objects reloaded before import = 0Number of asset objects unloaded after import = 1

========================================================================
Received Import Request.
  Time since last request: 0.000032 seconds.
  path: Assets/Scripts/Build/BuildGrid.cs
  importAddress: Guid(ad5fa0e7e1c3a2b42ab32e238a6069b2) Importer(2089858483,b0f066a214c2f5e87bad3c948f4d605d)
Start importing Assets/Scripts/Build/BuildGrid.cs using Guid(ad5fa0e7e1c3a2b42ab32e238a6069b2) Importer(2089858483,b0f066a214c2f5e87bad3c948f4d605d) (ScriptedImporter) -> (Import Result ID: '5b7ad0fa0728fc5265de14e7cf3efbdd') in 0.0142073 seconds [static and dynamic dependencies]. Details - ImportResultOutputID=29581128cf64277da7a56abfba8e3fa9 DependenciesID=377669961cd1cf0709bea0609270cf03 StaticDependenciesID=63d4bfbc280f5696ddf984c6daf92535 
Number of updated asset objects reloaded before import = 0Number of asset objects unloaded after import = 0

========================================================================
Received Import Request.
  Time since last request: 0.000055 seconds.
  path: Assets/Scripts/UI/MainMenuUI.cs
  importAddress: Guid(7d05533401a10f949a63a7724ed14def) Importer(2089858483,b0f066a214c2f5e87bad3c948f4d605d)
Start importing Assets/Scripts/UI/MainMenuUI.cs using Guid(7d05533401a10f949a63a7724ed14def) Importer(2089858483,b0f066a214c2f5e87bad3c948f4d605d) (ScriptedImporter) -> (Import Result ID: '5120f3ed7898736609c48b7f3b899598') in 0.0142008 seconds [static and dynamic dependencies]. Details - ImportResultOutputID=6461b175d51a06c70d4d5092ed6bfcdd DependenciesID=0fedcf4e71f1995dc38567ebbb5b21b8 StaticDependenciesID=193dcdb4bf081814d1253eded8448472 
Number of updated asset objects reloaded before import = 0Number of asset objects unloaded after import = 0

========================================================================
Received Import Request.
  Time since last request: 0.000072 seconds.
  path: Assets/Scripts/Enemies/EnemyId.cs
  importAddress: Guid(248d6f02883efef48a50d225aa62192d) Importer(2089858483,b0f066a214c2f5e87bad3c948f4d605d)
Start importing Assets/Scripts/Enemies/EnemyId.cs using Guid(248d6f02883efef48a50d225aa62192d) Importer(2089858483,b0f066a214c2f5e87bad3c948f4d605d) (ScriptedImporter) -> (Import Result ID: '9c4126466f411881e1e26ce772e74034') in 0.0142479 seconds [static and dynamic dependencies]. Details - ImportResultOutputID=1c69113750d58ab7707fc7a32ddd921a DependenciesID=d97185db65ae129ba66597ec3dc32136 StaticDependenciesID=cc315d89ad2d46615b800f2798ab6f49 
Number of updated asset objects reloaded before import = 0Number of asset objects unloaded after import = 0

========================================================================
Received Import Request.
  Time since last request: 0.000025 seconds.
  path: Assets/Scripts/Events/GameEvent.cs
  importAddress: Guid(14d07b460c13d4b4e8e0c3d87c1d1247) Importer(2089858483,b0f066a214c2f5e87bad3c948f4d605d)
Start importing Assets/Scripts/Events/GameEvent.cs using Guid(14d07b460c13d4b4e8e0c3d87c1d1247) Importer(2089858483,b0f066a214c2f5e87bad3c948f4d605d) (ScriptedImporter) -> (Import Result ID: '3861403510455402b4f73b7fb98102f9') in 0.0130838 seconds [static and dynamic dependencies]. Details - ImportResultOutputID=e14fb24afab955cf2f8dfd201992ddb7 DependenciesID=8bb3d8cbbbe89eda97f0fd5841a9eea3 StaticDependenciesID=17ff43feb14b4fcae1e90a68093025df 
Number of updated asset objects reloaded before import = 0Number of asset objects unloaded after import = 0

========================================================================
Received Import Request.
  Time since last request: 0.000251 seconds.
  path: Assets/prefabs/Towers/ArcherTower/ArcherTower.blend.fbx
  importAddress: Guid(e8c6422e8b330764a8ca8859771ecfd5) Importer(2089858483,b0f066a214c2f5e87bad3c948f4d605d)
Start importing Assets/prefabs/Towers/ArcherTower/ArcherTower.blend.fbx using Guid(e8c6422e8b330764a8ca8859771ecfd5) Importer(2089858483,b0f066a214c2f5e87bad3c948f4d605d) (ScriptedImporter) -> (Import Result ID: 'aaa93815df9e433fd5d3151e3fe52ca5') in 0.0284037 seconds [static and dynamic dependencies]. Details - ImportResultOutputID=a53ed02898467fe883f2f162f6e6be6b DependenciesID=0409aac90b2990fd420eb92c98a9cbc8 StaticDependenciesID=b84729e5561387a66efbad52b8522478 
Number of updated asset objects reloaded before import = 0Number of asset objects unloaded after import = 10

========================================================================
Received Import Request.
  Time since last request: 0.000025 seconds.
  path: Assets/Scripts/Patterns/DataStructures/ArrayStack.cs
  importAddress: Guid(3f2f7a1d216e93f42be8b51123260edc) Importer(2089858483,b0f066a214c2f5e87bad3c948f4d605d)
Start importing Assets/Scripts/Patterns/DataStructures/ArrayStack.cs using Guid(3f2f7a1d216e93f42be8b51123260edc) Importer(2089858483,b0f066a214c2f5e87bad3c948f4d605d) (ScriptedImporter) -> (Import Result ID: '9aa2f903ab9987ea692b3d18281aa523') in 0.0154008 seconds [static and dynamic dependencies]. Details - ImportResultOutputID=e39bd61a6fd639d1aa37aeb2ea2c166b DependenciesID=9f370eaa5170525dc6a2494e35ae5103 StaticDependenciesID=90dd27978b568daf498c6898798a2180 
Number of updated asset objects reloaded before import = 0Number of asset objects unloaded after import = 0

========================================================================
Received Import Request.
  Time since last request: 0.000048 seconds.
  path: Assets/Materials/Cobble/cobble_metallic.png
  importAddress: Guid(e80cc2437a4107b42a94923d23ab6588) Importer(2089858483,b0f066a214c2f5e87bad3c948f4d605d)
Start importing Assets/Materials/Cobble/cobble_metallic.png using Guid(e80cc2437a4107b42a94923d23ab6588) Importer(2089858483,b0f066a214c2f5e87bad3c948f4d605d) (ScriptedImporter) -> (Import Result ID: '1b50dfac2d3acd021d7598f15246799c') in 0.0664906 seconds [static and dynamic dependencies]. Details - ImportResultOutputID=cf28fff1d3b74bb0b77c89f03fa2691e DependenciesID=6eb0dd8f41f94702669f461a60920abf StaticDependenciesID=f2c1a0d238d44de0dc33ae17b9cb9414 
Number of updated asset objects reloaded before import = 0Number of asset objects unloaded after import = 1

========================================================================
Received Import Request.
  Time since last request: 0.000048 seconds.
  path: Assets/Scripts/Patterns/DataStructures/Dijkstra.cs
  importAddress: Guid(50679269e7c97914b8e1aa3a537f05da) Importer(2089858483,b0f066a214c2f5e87bad3c948f4d605d)
Start importing Assets/Scripts/Patterns/DataStructures/Dijkstra.cs using Guid(50679269e7c97914b8e1aa3a537f05da) Importer(2089858483,b0f066a214c2f5e87bad3c948f4d605d) (ScriptedImporter) -> (Import Result ID: '05b292448d3ec16c3666fa70ec7ca22b') in 0.0172795 seconds [static and dynamic dependencies]. Details - ImportResultOutputID=5c1314faba91c11b3bb910f8bf0e7df4 DependenciesID=b657bea3dff62fe72420087b31c7ad62 StaticDependenciesID=88f0eb0bf94d73f5db2f87d33c42059d 
Number of updated asset objects reloaded before import = 0Number of asset objects unloaded after import = 0

========================================================================
Received Import Request.
  Time since last request: 0.000074 seconds.
  path: Assets/Scripts/Managers/GameplayFacade.cs
  importAddress: Guid(1affb06ce27225740ac68f33f9ddc01f) Importer(2089858483,b0f066a214c2f5e87bad3c948f4d605d)
Start importing Assets/Scripts/Managers/GameplayFacade.cs using Guid(1affb06ce27225740ac68f33f9ddc01f) Importer(2089858483,b0f066a214c2f5e87bad3c948f4d605d) (ScriptedImporter) -> (Import Result ID: 'b6ec327f518792753db799af53f3920a') in 0.0140969 seconds [static and dynamic dependencies]. Details - ImportResultOutputID=625f1b9d3d14a1b70b78ac92e3d8d314 DependenciesID=4abf0e7e421a7e1019b6f3b2eb3642e1 StaticDependenciesID=e559b6c1681c56ba9eec8e0f84c12c11 
Number of updated asset objects reloaded before import = 0Number of asset objects unloaded after import = 0

========================================================================
Received Import Request.
  Time since last request: 0.000035 seconds.
  path: Assets/TextMesh Pro/Resources/Style Sheets/Default Style Sheet.asset
  importAddress: Guid(f952c082cb03451daed3ee968ac6c63e) Importer(2089858483,b0f066a214c2f5e87bad3c948f4d605d)
Start importing Assets/TextMesh Pro/Resources/Style Sheets/Default Style Sheet.asset using Guid(f952c082cb03451daed3ee968ac6c63e) Importer(2089858483,b0f066a214c2f5e87bad3c948f4d605d) (ScriptedImporter) -> (Import Result ID: 'ddf7f47538505bdb3108bb0f6bc82654') in 0.0175815 seconds [static and dynamic dependencies]. Details - ImportResultOutputID=5b587ed5345305c0a6200a76d6a7c915 DependenciesID=f5d95cefccc189d27abde3e952762dfc StaticDependenciesID=75498f662b543680cb7b594d3e59518b 
Number of updated asset objects reloaded before import = 0Number of asset objects unloaded after import = 1

========================================================================
Received Import Request.
  Time since last request: 0.000029 seconds.
  path: Assets/Scripts/Patterns/Pool/ProjectilePoolManager.cs
  importAddress: Guid(971ad9d8462ce4040969de99d08b34db) Importer(2089858483,b0f066a214c2f5e87bad3c948f4d605d)
Start importing Assets/Scripts/Patterns/Pool/ProjectilePoolManager.cs using Guid(971ad9d8462ce4040969de99d08b34db) Importer(2089858483,b0f066a214c2f5e87bad3c948f4d605d) (ScriptedImporter) -> (Import Result ID: 'ff747479c688e020eacd0a8e9c8ebed5') in 0.0153295 seconds [static and dynamic dependencies]. Details - ImportResultOutputID=019684eb31f162f0054216c614b7aa60 DependenciesID=76fc6e3941d2bd1678d719659c51f42b StaticDependenciesID=67a4ef97376c218429f48f382a25cd3e 
Number of updated asset objects reloaded before import = 0Number of asset objects unloaded after import = 0

========================================================================
Received Import Request.
  Time since last request: 0.000079 seconds.
  path: Assets/prefabs/Enemies/FastGoblin/FastGoblin/textures/hyunsuk-jin-hair-ao.jpeg
  importAddress: Guid(4c8524c8af1483048bad7db269c16139) Importer(2089858483,b0f066a214c2f5e87bad3c948f4d605d)
Start importing Assets/prefabs/Enemies/FastGoblin/FastGoblin/textures/hyunsuk-jin-hair-ao.jpeg using Guid(4c8524c8af1483048bad7db269c16139) Importer(2089858483,b0f066a214c2f5e87bad3c948f4d605d) (ScriptedImporter) -> (Import Result ID: '5140b93207c7173c61a8c932cc984f44') in 0.0242029 seconds [static and dynamic dependencies]. Details - ImportResultOutputID=6b451889509f639171b7598282724cea DependenciesID=6879dd647560d17f4ccf9571c1381a88 StaticDependenciesID=a20d981aa6e7929a00c64c4ec3d2107b 
Number of updated asset objects reloaded before import = 0Number of asset objects unloaded after import = 1

========================================================================
Received Import Request.
  Time since last request: 0.000041 seconds.
  path: Assets/Scripts/Patterns/State/LoseState.cs
  importAddress: Guid(d1ccac7b693c64141a9f2da937fab452) Importer(2089858483,b0f066a214c2f5e87bad3c948f4d605d)
Start importing Assets/Scripts/Patterns/State/LoseState.cs using Guid(d1ccac7b693c64141a9f2da937fab452) Importer(2089858483,b0f066a214c2f5e87bad3c948f4d605d) (ScriptedImporter) -> (Import Result ID: '180fbd0dab0b915636c797f989a5a85b') in 0.0150826 seconds [static and dynamic dependencies]. Details - ImportResultOutputID=2d617951534b70c5da41c14642f0d339 DependenciesID=2169f75a0ec5045be78b9d632307fbfc StaticDependenciesID=71e59dcfaa20f29530727a55398ce11e 
Number of updated asset objects reloaded before import = 0Number of asset objects unloaded after import = 0

========================================================================
Received Import Request.
  Time since last request: 0.000097 seconds.
  path: Assets/prefabs/Enemies/FastGoblin/FastGoblin/textures/hyunsuk-jin-hair-ao-brown.png
  importAddress: Guid(644d7137e5bd8f4448d454a08ed39292) Importer(2089858483,b0f066a214c2f5e87bad3c948f4d605d)
Start importing Assets/prefabs/Enemies/FastGoblin/FastGoblin/textures/hyunsuk-jin-hair-ao-brown.png using Guid(644d7137e5bd8f4448d454a08ed39292) Importer(2089858483,b0f066a214c2f5e87bad3c948f4d605d) (ScriptedImporter) -> (Import Result ID: '719924acd2a45a00580b4564f4fb7ff3') in 0.0304239 seconds [static and dynamic dependencies]. Details - ImportResultOutputID=6b21c524a4ead41821b0e12aa4f1eb9c DependenciesID=0ee0573ccb7d7830b53560efccc8290f StaticDependenciesID=37d75fc335c97175ce4d693b26190f16 
Number of updated asset objects reloaded before import = 0Number of asset objects unloaded after import = 1

========================================================================
Received Import Request.
  Time since last request: 0.000039 seconds.
  path: Assets/prefabs/Enemies/Goblin/textures/Goblin.fw.png
  importAddress: Guid(07668cd28e1d4a54fb906e704b8c2e81) Importer(2089858483,b0f066a214c2f5e87bad3c948f4d605d)
Start importing Assets/prefabs/Enemies/Goblin/textures/Goblin.fw.png using Guid(07668cd28e1d4a54fb906e704b8c2e81) Importer(2089858483,b0f066a214c2f5e87bad3c948f4d605d) (ScriptedImporter) -> (Import Result ID: 'ecbebfea378326326ec6526bbbc15b4e') in 0.0222044 seconds [static and dynamic dependencies]. Details - ImportResultOutputID=51f89751c788c58613289c53371ed867 DependenciesID=c9c6f9ce6aa8d09751f7ebcad1eb0f2b StaticDependenciesID=fe5486bda077c12c04ff14a96af30ce0 
Number of updated asset objects reloaded before import = 0Number of asset objects unloaded after import = 1

========================================================================
Received Import Request.
  Time since last request: 0.000111 seconds.
  path: Assets/Scripts/Patterns/EventQueue/GameplayEvent.cs
  importAddress: Guid(4065e68c031827d448d6961dca0ac69f) Importer(2089858483,b0f066a214c2f5e87bad3c948f4d605d)
Start importing Assets/Scripts/Patterns/EventQueue/GameplayEvent.cs using Guid(4065e68c031827d448d6961dca0ac69f) Importer(2089858483,b0f066a214c2f5e87bad3c948f4d605d) (ScriptedImporter) -> (Import Result ID: 'b3466e6af3249914a8da5b25ae0dcc2f') in 0.0171179 seconds [static and dynamic dependencies]. Details - ImportResultOutputID=9144e176aba82cdd91f03ee795e1eb43 DependenciesID=e24755d4db0840a114073b885c815d7f StaticDependenciesID=042cd9edeae4a39c6a5f34cb8ecb4ba1 
Number of updated asset objects reloaded before import = 0Number of asset objects unloaded after import = 0

========================================================================
Received Import Request.
  Time since last request: 0.000063 seconds.
  path: Assets/Scripts/Patterns/Strategy/SingleShot.cs
  importAddress: Guid(93c489a1f20a7884d9c64bf5fcfb42dd) Importer(2089858483,b0f066a214c2f5e87bad3c948f4d605d)
Start importing Assets/Scripts/Patterns/Strategy/SingleShot.cs using Guid(93c489a1f20a7884d9c64bf5fcfb42dd) Importer(2089858483,b0f066a214c2f5e87bad3c948f4d605d) (ScriptedImporter) -> (Import Result ID: 'cb435fb92a5639bbb1f5a2f6c6670724') in 0.0145295 seconds [static and dynamic dependencies]. Details - ImportResultOutputID=8b8e17bc345c59b3d7dea1805e35c822 DependenciesID=d013fba39ec4a679ce52b7d0082bdc86 StaticDependenciesID=e09235d0abaa74f92ca8a2b0f9cae391 
Number of updated asset objects reloaded before import = 0Number of asset objects unloaded after import = 0

========================================================================
Received Import Request.
  Time since last request: 0.000094 seconds.
  path: Assets/prefabs/Enemies/Goblin/textures/Brown.fw.png
  importAddress: Guid(27e2b995f3f7c8845a529515e5eef2fa) Importer(2089858483,b0f066a214c2f5e87bad3c948f4d605d)
Start importing Assets/prefabs/Enemies/Goblin/textures/Brown.fw.png using Guid(27e2b995f3f7c8845a529515e5eef2fa) Importer(2089858483,b0f066a214c2f5e87bad3c948f4d605d) (ScriptedImporter) -> (Import Result ID: '470c0d47f898cc1c833c34a083446500') in 0.0213908 seconds [static and dynamic dependencies]. Details - ImportResultOutputID=0242f0431cd1060485802404f94e0e32 DependenciesID=85fa14f46feba2e3796f04be5d9a20bb StaticDependenciesID=a3728be4e450ad26d48dbdd3da8ffa26 
Number of updated asset objects reloaded before import = 0Number of asset objects unloaded after import = 1

========================================================================
Received Import Request.
  Time since last request: 0.000060 seconds.
  path: Assets/Scripts/Patterns/State/MainMenuState.cs
  importAddress: Guid(74e78cb24750c5e468a1400f393f17d8) Importer(2089858483,b0f066a214c2f5e87bad3c948f4d605d)
Start importing Assets/Scripts/Patterns/State/MainMenuState.cs using Guid(74e78cb24750c5e468a1400f393f17d8) Importer(2089858483,b0f066a214c2f5e87bad3c948f4d605d) (ScriptedImporter) -> (Import Result ID: 'a5f5d8201e9d765d58cb682465899526') in 0.0160903 seconds [static and dynamic dependencies]. Details - ImportResultOutputID=0147e9de29a51e7914d3f90a3695ef99 DependenciesID=147d214b8cbc39cfffdb50cbe3e4688e StaticDependenciesID=da9b13f6c8888026dbb3cc6bb4612797 
Number of updated asset objects reloaded before import = 0Number of asset objects unloaded after import = 0

========================================================================
Received Import Request.
  Time since last request: 0.000044 seconds.
  path: Assets/prefabs/Enemies/FastGoblin/FastGoblin/Walking.fbx
  importAddress: Guid(5ecf38c782960394ea10f60831d9aaba) Importer(2089858483,b0f066a214c2f5e87bad3c948f4d605d)
Start importing Assets/prefabs/Enemies/FastGoblin/FastGoblin/Walking.fbx using Guid(5ecf38c782960394ea10f60831d9aaba) Importer(2089858483,b0f066a214c2f5e87bad3c948f4d605d) (ScriptedImporter) -> (Import Result ID: '597cba1dc458473c47f86ed45e8d2d4e') in 0.1264637 seconds [static and dynamic dependencies]. Details - ImportResultOutputID=7fa7b6618729f301c3569ae7568480a4 DependenciesID=25278bd9015d29d56f77406d11629dba StaticDependenciesID=f1322910f453ac24ef3edbf36428c1c8 
Number of updated asset objects reloaded before import = 0Number of asset objects unloaded after import = 110

========================================================================
Received Import Request.
  Time since last request: 0.000031 seconds.
  path: Assets/Scripts/Patterns/State/IGameState.cs
  importAddress: Guid(1d4cd886465540640b69bab3fc0e80a9) Importer(2089858483,b0f066a214c2f5e87bad3c948f4d605d)
Start importing Assets/Scripts/Patterns/State/IGameState.cs using Guid(1d4cd886465540640b69bab3fc0e80a9) Importer(2089858483,b0f066a214c2f5e87bad3c948f4d605d) (ScriptedImporter) -> (Import Result ID: 'af63f26aa157f4047f95499fe66624cc') in 0.0137309 seconds [static and dynamic dependencies]. Details - ImportResultOutputID=52bf96d4237c2abc7955625ef14ad7b3 DependenciesID=d0f093345c0e566a0d591c148d0a5409 StaticDependenciesID=c384d4764b2a8de869415656ad5e93e1 
Number of updated asset objects reloaded before import = 0Number of asset objects unloaded after import = 0

========================================================================
Received Import Request.
  Time since last request: 0.000046 seconds.
  path: Assets/Scripts/Patterns/Factory/EnemyFactoryTD.cs
  importAddress: Guid(567eaefe9d979fb4a93717f7ecfd6f6e) Importer(2089858483,b0f066a214c2f5e87bad3c948f4d605d)
Start importing Assets/Scripts/Patterns/Factory/EnemyFactoryTD.cs using Guid(567eaefe9d979fb4a93717f7ecfd6f6e) Importer(2089858483,b0f066a214c2f5e87bad3c948f4d605d) (ScriptedImporter) -> (Import Result ID: '711f8d2aba98f4e1bb17691d30dabc97') in 0.0138444 seconds [static and dynamic dependencies]. Details - ImportResultOutputID=7bed60a0e19439042e9e48ad177eb919 DependenciesID=22bba465947e326fa512ff57ec332150 StaticDependenciesID=340f685acc615dec598cde598afe1971 
Number of updated asset objects reloaded before import = 0Number of asset objects unloaded after import = 0

========================================================================
Received Import Request.
  Time since last request: 0.000032 seconds.
  path: Assets/Scripts/Enemies/EnemyData.cs
  importAddress: Guid(6a00432b5de58c940b19615775d43108) Importer(2089858483,b0f066a214c2f5e87bad3c948f4d605d)
Start importing Assets/Scripts/Enemies/EnemyData.cs using Guid(6a00432b5de58c940b19615775d43108) Importer(2089858483,b0f066a214c2f5e87bad3c948f4d605d) (ScriptedImporter) -> (Import Result ID: '65a92ec33dc8e7a5d19514e610a74ec3') in 0.0147454 seconds [static and dynamic dependencies]. Details - ImportResultOutputID=d047922c8522a89aa0615b946abf7f9d DependenciesID=bb278ac7553c27f17aed50bde1059e9f StaticDependenciesID=65fee399f9a570891adc3d4cbdf16dae 
Number of updated asset objects reloaded before import = 0Number of asset objects unloaded after import = 0

========================================================================
Received Import Request.
  Time since last request: 0.000078 seconds.
  path: Assets/Scripts/UI/BuildHUDActions.cs
  importAddress: Guid(6c7bc490f1b35074f9d4bd9191620e5b) Importer(2089858483,b0f066a214c2f5e87bad3c948f4d605d)
Start importing Assets/Scripts/UI/BuildHUDActions.cs using Guid(6c7bc490f1b35074f9d4bd9191620e5b) Importer(2089858483,b0f066a214c2f5e87bad3c948f4d605d) (ScriptedImporter) -> (Import Result ID: '92726d2f4f8a51f0958e854763805ae7') in 0.0150254 seconds [static and dynamic dependencies]. Details - ImportResultOutputID=d940c67396a533602a3df4b673de3232 DependenciesID=b37998888576e1a9e2941cdfb65d680d StaticDependenciesID=3f590c47e66d2d69160c895cfbc4a516 
Number of updated asset objects reloaded before import = 0Number of asset objects unloaded after import = 0

========================================================================
Received Import Request.
  Time since last request: 0.000112 seconds.
  path: Assets/prefabs/Enemies/FastGoblin/FastGoblin/EnemyTD_Goblin 1.prefab
  importAddress: Guid(64038bb5a200ddc4bb896f5e86589ad2) Importer(2089858483,b0f066a214c2f5e87bad3c948f4d605d)
Start importing Assets/prefabs/Enemies/FastGoblin/FastGoblin/EnemyTD_Goblin 1.prefab using Guid(64038bb5a200ddc4bb896f5e86589ad2) Importer(2089858483,b0f066a214c2f5e87bad3c948f4d605d) (ScriptedImporter) -> (Import Result ID: '9c0858cc03140349e0b5d491f539886e') in 0.0282766 seconds [static and dynamic dependencies]. Details - ImportResultOutputID=58b10de448aa7a3fbd09a8f4a25e5f99 DependenciesID=05a5cdad91859b6bd6b54bb0b54c2372 StaticDependenciesID=d13a0e78d37c838dd93617436fb97450 
Number of updated asset objects reloaded before import = 0Number of asset objects unloaded after import = 116

========================================================================
Received Import Request.
  Time since last request: 0.000036 seconds.
  path: Assets/TextMesh Pro/Shaders/TMP_SDF-Surface-Mobile.shader
  importAddress: Guid(85187c2149c549c5b33f0cdb02836b17) Importer(2089858483,b0f066a214c2f5e87bad3c948f4d605d)
Start importing Assets/TextMesh Pro/Shaders/TMP_SDF-Surface-Mobile.shader using Guid(85187c2149c549c5b33f0cdb02836b17) Importer(2089858483,b0f066a214c2f5e87bad3c948f4d605d) (ScriptedImporter) -> (Import Result ID: '3a203cfaaa4fe271f2ab4e373999a24c') in 0.0157944 seconds [static and dynamic dependencies]. Details - ImportResultOutputID=b03202435b5ac8582cc69539be18f32d DependenciesID=fc95264bca60e12eceaea3d87228df6c StaticDependenciesID=c18b6ec88ba1c7d771281265de782183 
Number of updated asset objects reloaded before import = 0Number of asset objects unloaded after import = 1

========================================================================
Received Import Request.
  Time since last request: 0.000031 seconds.
  path: Assets/prefabs/Towers/TowerBasicWrapper.prefab
  importAddress: Guid(d647ed36983a2bd4c86fe00e69ec6302) Importer(2089858483,b0f066a214c2f5e87bad3c948f4d605d)
Start importing Assets/prefabs/Towers/TowerBasicWrapper.prefab using Guid(d647ed36983a2bd4c86fe00e69ec6302) Importer(2089858483,b0f066a214c2f5e87bad3c948f4d605d) (ScriptedImporter) -> (Import Result ID: '0b4c32dc6f6e3f5c5016bdd10e7c39cd') in 0.0216576 seconds [static and dynamic dependencies]. Details - ImportResultOutputID=2436f01516ac623afad4a38428704ba7 DependenciesID=ad338f76868ad5e730ca943656e8c598 StaticDependenciesID=df1979201ce5988d3b702dfcbec45838 
Number of updated asset objects reloaded before import = 0Number of asset objects unloaded after import = 11

========================================================================
Received Import Request.
  Time since last request: 0.000024 seconds.
  path: Assets/Imagenes/DefeatScreen.png
  importAddress: Guid(dc9a6ca81a98eb64c8eb1cc4c1151340) Importer(2089858483,b0f066a214c2f5e87bad3c948f4d605d)
Start importing Assets/Imagenes/DefeatScreen.png using Guid(dc9a6ca81a98eb64c8eb1cc4c1151340) Importer(2089858483,b0f066a214c2f5e87bad3c948f4d605d) (ScriptedImporter) -> (Import Result ID: '3cfe9e801f4d8cc6a1f0b2d10708da7d') in 0.0410871 seconds [static and dynamic dependencies]. Details - ImportResultOutputID=787937fd4e787a14149beaf86f56bbb8 DependenciesID=3b5de7b19d51da10fa2019ff913e4e6e StaticDependenciesID=82d688edd5df3b8c83ab4f6e51b6f709 
Number of updated asset objects reloaded before import = 0Number of asset objects unloaded after import = 3

========================================================================
Received Import Request.
  Time since last request: 0.000080 seconds.
  path: Assets/Scripts/Patterns/DataStructures/CommandStack.cs
  importAddress: Guid(0ccaa6f4b79bb144fbbaadf2d847571d) Importer(2089858483,b0f066a214c2f5e87bad3c948f4d605d)
Start importing Assets/Scripts/Patterns/DataStructures/CommandStack.cs using Guid(0ccaa6f4b79bb144fbbaadf2d847571d) Importer(2089858483,b0f066a214c2f5e87bad3c948f4d605d) (ScriptedImporter) -> (Import Result ID: 'f1612ede5d0bcc979ce32e33f14739fc') in 0.015165 seconds [static and dynamic dependencies]. Details - ImportResultOutputID=0c25f715e3345547cbe9515574574680 DependenciesID=80f54801ebe34dcdbbe7d822747a1bf8 StaticDependenciesID=4685f2752d318b830c16bfe1c8a9fad3 
Number of updated asset objects reloaded before import = 0Number of asset objects unloaded after import = 0

========================================================================
Received Import Request.
  Time since last request: 0.000030 seconds.
  path: Assets/TextMesh Pro/Shaders/TMPro.cginc
  importAddress: Guid(407bc68d299748449bbf7f48ee690f8d) Importer(2089858483,b0f066a214c2f5e87bad3c948f4d605d)
Start importing Assets/TextMesh Pro/Shaders/TMPro.cginc using Guid(407bc68d299748449bbf7f48ee690f8d) Importer(2089858483,b0f066a214c2f5e87bad3c948f4d605d) (ScriptedImporter) -> (Import Result ID: '65f999885510b4853c2a74432ca59a84') in 0.0146706 seconds [static and dynamic dependencies]. Details - ImportResultOutputID=9e351b4e77c17542c922ca55038c87e0 DependenciesID=501982b4a1c20ff65369a187e9fc82bc StaticDependenciesID=ea46a0780eeb27f3af7ddb3365ef7ca2 
Number of updated asset objects reloaded before import = 0Number of asset objects unloaded after import = 1

========================================================================
Received Import Request.
  Time since last request: 0.000025 seconds.
  path: Assets/Materials/Grass/Grass.mat
  importAddress: Guid(b090b699752f9ad45ac2ee9168276b72) Importer(2089858483,b0f066a214c2f5e87bad3c948f4d605d)
Start importing Assets/Materials/Grass/Grass.mat using Guid(b090b699752f9ad45ac2ee9168276b72) Importer(2089858483,b0f066a214c2f5e87bad3c948f4d605d) (ScriptedImporter) -> (Import Result ID: '8ab5147be9d18c0ad1994932758b2aff') in 0.0279945 seconds [static and dynamic dependencies]. Details - ImportResultOutputID=3bd85fccecb9e617a865fabb9c8134cd DependenciesID=5ff42c7912b150fa68c4b383142fe94e StaticDependenciesID=f65da51971f081f8c41912dc8f873cff 
Number of updated asset objects reloaded before import = 0Number of asset objects unloaded after import = 6

========================================================================
Received Import Request.
  Time since last request: 0.000028 seconds.
  path: Assets/Materials/Grass/grass_roughness.png
  importAddress: Guid(3aa4246076e0d5141bd9ba2b89dd4505) Importer(2089858483,b0f066a214c2f5e87bad3c948f4d605d)
Start importing Assets/Materials/Grass/grass_roughness.png using Guid(3aa4246076e0d5141bd9ba2b89dd4505) Importer(2089858483,b0f066a214c2f5e87bad3c948f4d605d) (ScriptedImporter) -> (Import Result ID: 'f62c824f8cd196206db5daad44c43799') in 0.0231115 seconds [static and dynamic dependencies]. Details - ImportResultOutputID=e2cf07dc35f7a61e7299f585147e5cff DependenciesID=e4da38049ff0aa5da50f8e5e38cb04bf StaticDependenciesID=f87cd990346ed7cd5d2b51adc148c5b0 
Number of updated asset objects reloaded before import = 0Number of asset objects unloaded after import = 1

========================================================================
Received Import Request.
  Time since last request: 0.000042 seconds.
  path: Assets/prefabs/Towers/ArcherTower/ArcherTowerData.asset
  importAddress: Guid(363696c11bc00da40b3c0f9fd26d902e) Importer(2089858483,b0f066a214c2f5e87bad3c948f4d605d)
Start importing Assets/prefabs/Towers/ArcherTower/ArcherTowerData.asset using Guid(363696c11bc00da40b3c0f9fd26d902e) Importer(2089858483,b0f066a214c2f5e87bad3c948f4d605d) (ScriptedImporter) -> (Import Result ID: '69fef3f83d7fe87ead6517ea55b34572') in 0.022657 seconds [static and dynamic dependencies]. Details - ImportResultOutputID=c194f539d81c8657083e122b75563d6f DependenciesID=69590cf7d1950c3db0dccfebc845ed0f StaticDependenciesID=f7bd93490a8c65b5c82b3f6a3230cba8 
Number of updated asset objects reloaded before import = 0Number of asset objects unloaded after import = 1

========================================================================
Received Import Request.
  Time since last request: 0.000030 seconds.
  path: Assets/Scripts/Patterns/QS/TowerButtonsQuickSort.cs
  importAddress: Guid(89af6d9ce6006f546a9d3f964cc59259) Importer(2089858483,b0f066a214c2f5e87bad3c948f4d605d)
Start importing Assets/Scripts/Patterns/QS/TowerButtonsQuickSort.cs using Guid(89af6d9ce6006f546a9d3f964cc59259) Importer(2089858483,b0f066a214c2f5e87bad3c948f4d605d) (ScriptedImporter) -> (Import Result ID: 'eff28a3be56da02c81e7e971957dff1e') in 0.0157763 seconds [static and dynamic dependencies]. Details - ImportResultOutputID=31432b0a61586f99afe3e41470134ec6 DependenciesID=cc2611c62f073bd264c21cbcac431f93 StaticDependenciesID=8771eef98548fdff8e49f16ae1fbcedb 
Number of updated asset objects reloaded before import = 0Number of asset objects unloaded after import = 0

========================================================================
Received Import Request.
  Time since last request: 0.000081 seconds.
  path: Assets/TextMesh Pro/Sprites/EmojiOne.json
  importAddress: Guid(8f05276190cf498a8153f6cbe761d4e6) Importer(2089858483,b0f066a214c2f5e87bad3c948f4d605d)
Start importing Assets/TextMesh Pro/Sprites/EmojiOne.json using Guid(8f05276190cf498a8153f6cbe761d4e6) Importer(2089858483,b0f066a214c2f5e87bad3c948f4d605d) (ScriptedImporter) -> (Import Result ID: 'a2b7223b04fe76460f174405d7391bb1') in 0.0138809 seconds [static and dynamic dependencies]. Details - ImportResultOutputID=258478ed2b111247f25ad84c5aee4b8d DependenciesID=f8de1c1cca7a3064cb2f6594c0a4857d StaticDependenciesID=1f147e9d775d7e1ddaea36a8cef5f9a1 
Number of updated asset objects reloaded before import = 0Number of asset objects unloaded after import = 1

========================================================================
Received Import Request.
  Time since last request: 0.000031 seconds.
  path: Assets/prefabs/Enemies/FastGoblin/FastGoblin/textures/hyunsuk-jin-hair-alpha.jpeg
  importAddress: Guid(932e3ef5d77bb50489c5bba586de59fd) Importer(2089858483,b0f066a214c2f5e87bad3c948f4d605d)
Start importing Assets/prefabs/Enemies/FastGoblin/FastGoblin/textures/hyunsuk-jin-hair-alpha.jpeg using Guid(932e3ef5d77bb50489c5bba586de59fd) Importer(2089858483,b0f066a214c2f5e87bad3c948f4d605d) (ScriptedImporter) -> (Import Result ID: '46e703a47334ea92380b6ec29fe9ec6e') in 0.0255039 seconds [static and dynamic dependencies]. Details - ImportResultOutputID=92aa0a73ee8e12afc6da4c391f236264 DependenciesID=ec44f4e9ef8bc7728b4c82a2eacdf849 StaticDependenciesID=9d9d84e2578bb5f9246df925925e75f5 
Number of updated asset objects reloaded before import = 0Number of asset objects unloaded after import = 1

========================================================================
Received Import Request.
  Time since last request: 0.000030 seconds.
  path: Assets/prefabs/Ground.prefab
  importAddress: Guid(5d1fbbb28845eb14d817a98a0088b416) Importer(2089858483,b0f066a214c2f5e87bad3c948f4d605d)
Start importing Assets/prefabs/Ground.prefab using Guid(5d1fbbb28845eb14d817a98a0088b416) Importer(2089858483,b0f066a214c2f5e87bad3c948f4d605d) (ScriptedImporter) -> (Import Result ID: '3c009f9e746a6ec9b3837a0cf370229d') in 0.0232286 seconds [static and dynamic dependencies]. Details - ImportResultOutputID=3174da495ccf41cc9f26431a8292dc05 DependenciesID=83f03b7a6501956d03ade228a1fdba2d StaticDependenciesID=e5a543ce85c290dd6abbd05146df7466 
Number of updated asset objects reloaded before import = 0Number of asset objects unloaded after import = 7

========================================================================
Received Import Request.
  Time since last request: 0.000042 seconds.
  path: Assets/Materials/Cobble/cobble_roughness.png
  importAddress: Guid(1edb7a6c69bfe2e49b31b98b7829ec4d) Importer(2089858483,b0f066a214c2f5e87bad3c948f4d605d)
Start importing Assets/Materials/Cobble/cobble_roughness.png using Guid(1edb7a6c69bfe2e49b31b98b7829ec4d) Importer(2089858483,b0f066a214c2f5e87bad3c948f4d605d) (ScriptedImporter) -> (Import Result ID: 'b5744fe422614889243f0a0c8825a478') in 0.0230472 seconds [static and dynamic dependencies]. Details - ImportResultOutputID=d8a5404c7d3e8567505a886a6edbc9b0 DependenciesID=9b3c583a7ec3e2f2df95724ded064f75 StaticDependenciesID=9888a7c5e174ad6dccef65cd30ad4225 
Number of updated asset objects reloaded before import = 0Number of asset objects unloaded after import = 1

Editor requested this worker to shutdown with reason: Scaling down because of idle timeout
AssetImportWorker is now disconnected from the server
Process exiting
Exiting without the bug reporter. Application will terminate with return code 0